     0,                  Time [s],               $Time\ [s]$
     1,               delta Syn 1,          $\delta\ Syn\ 1$
     2,               omega Syn 1,          $\omega\ Syn\ 1$
     3,                 e1d Syn 1,            $e'_d\ Syn\ 1$
     4,                 e1q Syn 1,            $e'_q\ Syn\ 1$
     5,                 e2d Syn 1,           $e''_d\ Syn\ 1$
     6,                 e2q Syn 1,           $e''_q\ Syn\ 1$
     7,               delta Syn 3,          $\delta\ Syn\ 3$
     8,               omega Syn 3,          $\omega\ Syn\ 3$
     9,                 e1d Syn 3,            $e'_d\ Syn\ 3$
    10,                 e1q Syn 3,            $e'_q\ Syn\ 3$
    11,                 e2d Syn 3,           $e''_d\ Syn\ 3$
    12,                 e2q Syn 3,           $e''_q\ Syn\ 3$
    13,               delta Syn 4,          $\delta\ Syn\ 4$
    14,               omega Syn 4,          $\omega\ Syn\ 4$
    15,                 e1d Syn 4,            $e'_d\ Syn\ 4$
    16,                 e1q Syn 4,            $e'_q\ Syn\ 4$
    17,                 e2d Syn 4,           $e''_d\ Syn\ 4$
    18,                 e2q Syn 4,           $e''_q\ Syn\ 4$
    19,               delta Syn 5,          $\delta\ Syn\ 5$
    20,               omega Syn 5,          $\omega\ Syn\ 5$
    21,                 e1d Syn 5,            $e'_d\ Syn\ 5$
    22,                 e1q Syn 5,            $e'_q\ Syn\ 5$
    23,                 e2d Syn 5,           $e''_d\ Syn\ 5$
    24,                 e2q Syn 5,           $e''_q\ Syn\ 5$
    25,                 xg1 TG1 1,          $x_{g1}\ TG1\ 1$
    26,                 xg2 TG1 1,          $x_{g2}\ TG1\ 1$
    27,                 xg3 TG1 1,          $x_{g3}\ TG1\ 1$
    28,                  vm AVR 1,           $v_{m}\ AVR\ 1$
    29,                 vr1 AVR 1,          $v_{r1}\ AVR\ 1$
    30,                 vr2 AVR 1,          $v_{r2}\ AVR\ 1$
    31,               vfout AVR 1,        $v_{fout}\ AVR\ 1$
    32,                  vm AVR 3,           $v_{m}\ AVR\ 3$
    33,                 vr1 AVR 3,          $v_{r1}\ AVR\ 3$
    34,                 vr2 AVR 3,          $v_{r2}\ AVR\ 3$
    35,               vfout AVR 3,        $v_{fout}\ AVR\ 3$
    36,                  vm AVR 4,           $v_{m}\ AVR\ 4$
    37,                 vr1 AVR 4,          $v_{r1}\ AVR\ 4$
    38,                 vr2 AVR 4,          $v_{r2}\ AVR\ 4$
    39,               vfout AVR 4,        $v_{fout}\ AVR\ 4$
    40,                  vm AVR 5,           $v_{m}\ AVR\ 5$
    41,                 vr1 AVR 5,          $v_{r1}\ AVR\ 5$
    42,                 vr2 AVR 5,          $v_{r2}\ AVR\ 5$
    43,               vfout AVR 5,        $v_{fout}\ AVR\ 5$
    44,                 q0 PSS2 1,            $q_0\ PSS2\ 1$
    45,                 q1 PSS2 1,            $q_1\ PSS2\ 1$
    46,                 q2 PSS2 1,            $q_2\ PSS2\ 1$
    47,                 q3 PSS2 1,            $q_3\ PSS2\ 1$
    48,                 x1 PSS2 1,            $x_1\ PSS2\ 1$
    49,                 x2 PSS2 1,            $x_2\ PSS2\ 1$
    50,                 x3 PSS2 1,            $x_3\ PSS2\ 1$
    51,            theta_p WTG3 1,       $\theta_p\ WTG3\ 1$
    52,            omega_m WTG3 1,       $\omega_m\ WTG3\ 1$
    53,                ird WTG3 1,       $I_{r, d}\ WTG3\ 1$
    54,                irq WTG3 1,       $I_{r, q}\ WTG3\ 1$
    55,              vw Weibull 1,         $v_w\ Weibull\ 1$
    56,                  Nd VSC 1,             $N_d\ VSC\ 1$
    57,                  Nq VSC 1,             $N_q\ VSC\ 1$
    58,                Idcx VSC 1,         $I_{dcx}\ VSC\ 1$
    59,                  ud VSC 1,             $u_d\ VSC\ 1$
    60,                  uq VSC 1,             $u_q\ VSC\ 1$
    61,                  Id VSC 1,             $I_d\ VSC\ 1$
    62,                  Iq VSC 1,             $I_q\ VSC\ 1$
    63,                  Md VSC 1,             $M_d\ VSC\ 1$
    64,                  Mq VSC 1,             $M_q\ VSC\ 1$
    65,                  Nd VSC 3,             $N_d\ VSC\ 3$
    66,                  Nq VSC 3,             $N_q\ VSC\ 3$
    67,                Idcx VSC 3,         $I_{dcx}\ VSC\ 3$
    68,                  ud VSC 3,             $u_d\ VSC\ 3$
    69,                  uq VSC 3,             $u_q\ VSC\ 3$
    70,                  Id VSC 3,             $I_d\ VSC\ 3$
    71,                  Iq VSC 3,             $I_q\ VSC\ 3$
    72,                  Md VSC 3,             $M_d\ VSC\ 3$
    73,                  Mq VSC 3,             $M_q\ VSC\ 3$
    74,                  Nd VSC 4,             $N_d\ VSC\ 4$
    75,                  Nq VSC 4,             $N_q\ VSC\ 4$
    76,                Idcx VSC 4,         $I_{dcx}\ VSC\ 4$
    77,                  ud VSC 4,             $u_d\ VSC\ 4$
    78,                  uq VSC 4,             $u_q\ VSC\ 4$
    79,                  Id VSC 4,             $I_d\ VSC\ 4$
    80,                  Iq VSC 4,             $I_q\ VSC\ 4$
    81,                  Md VSC 4,             $M_d\ VSC\ 4$
    82,                  Mq VSC 4,             $M_q\ VSC\ 4$
    83,                  ud VSC 2,             $u_d\ VSC\ 2$
    84,                  uq VSC 2,             $u_q\ VSC\ 2$
    85,                  Id VSC 2,             $I_d\ VSC\ 2$
    86,                  Iq VSC 2,             $I_q\ VSC\ 2$
    87,                  Md VSC 2,             $M_d\ VSC\ 2$
    88,                  Mq VSC 2,             $M_q\ VSC\ 2$
    89,                 adq VSC 2,     $\theta_{dq}\ VSC\ 2$
    90,                  Nd VSC 2,             $N_d\ VSC\ 2$
    91,                  Nq VSC 2,             $N_q\ VSC\ 2$
    92,              xt BusFreq 1,    $x_\theta\ BusFreq\ 1$
    93,               w BusFreq 1,      $\omega\ BusFreq\ 1$
    94,              xt BusFreq 2,    $x_\theta\ BusFreq\ 2$
    95,               w BusFreq 2,      $\omega\ BusFreq\ 2$
    96,              xt BusFreq 3,    $x_\theta\ BusFreq\ 3$
    97,               w BusFreq 3,      $\omega\ BusFreq\ 3$
    98,              xt BusFreq 4,    $x_\theta\ BusFreq\ 4$
    99,               w BusFreq 4,      $\omega\ BusFreq\ 4$
   100,              xt BusFreq 5,    $x_\theta\ BusFreq\ 5$
   101,               w BusFreq 5,      $\omega\ BusFreq\ 5$
   102,              xt BusFreq 6,    $x_\theta\ BusFreq\ 6$
   103,               w BusFreq 6,      $\omega\ BusFreq\ 6$
   104,              xt BusFreq 7,    $x_\theta\ BusFreq\ 7$
   105,               w BusFreq 7,      $\omega\ BusFreq\ 7$
   106,              xt BusFreq 8,    $x_\theta\ BusFreq\ 8$
   107,               w BusFreq 8,      $\omega\ BusFreq\ 8$
   108,              xt BusFreq 9,    $x_\theta\ BusFreq\ 9$
   109,               w BusFreq 9,      $\omega\ BusFreq\ 9$
   110,             xt BusFreq 10,   $x_\theta\ BusFreq\ 10$
   111,              w BusFreq 10,     $\omega\ BusFreq\ 10$
   112,             xt BusFreq 11,   $x_\theta\ BusFreq\ 11$
   113,              w BusFreq 11,     $\omega\ BusFreq\ 11$
   114,             xt BusFreq 12,   $x_\theta\ BusFreq\ 12$
   115,              w BusFreq 12,     $\omega\ BusFreq\ 12$
   116,             xt BusFreq 13,   $x_\theta\ BusFreq\ 13$
   117,              w BusFreq 13,     $\omega\ BusFreq\ 13$
   118,             xt BusFreq 14,   $x_\theta\ BusFreq\ 14$
   119,              w BusFreq 14,     $\omega\ BusFreq\ 14$
   120,                  vm PMU 1,             $V_m\ PMU\ 1$
   121,                  am PMU 1,        $\theta_m\ PMU\ 1$
   122,                  vm PMU 2,             $V_m\ PMU\ 2$
   123,                  am PMU 2,        $\theta_m\ PMU\ 2$
   124,                  vm PMU 3,             $V_m\ PMU\ 3$
   125,                  am PMU 3,        $\theta_m\ PMU\ 3$
   126,                  vm PMU 4,             $V_m\ PMU\ 4$
   127,                  am PMU 4,        $\theta_m\ PMU\ 4$
   128,                  vm PMU 5,             $V_m\ PMU\ 5$
   129,                  am PMU 5,        $\theta_m\ PMU\ 5$
   130,                  vm PMU 6,             $V_m\ PMU\ 6$
   131,                  am PMU 6,        $\theta_m\ PMU\ 6$
   132,                  vm PMU 7,             $V_m\ PMU\ 7$
   133,                  am PMU 7,        $\theta_m\ PMU\ 7$
   134,                  vm PMU 8,             $V_m\ PMU\ 8$
   135,                  am PMU 8,        $\theta_m\ PMU\ 8$
   136,                  vm PMU 9,             $V_m\ PMU\ 9$
   137,                  am PMU 9,        $\theta_m\ PMU\ 9$
   138,                 vm PMU 10,            $V_m\ PMU\ 10$
   139,                 am PMU 10,       $\theta_m\ PMU\ 10$
   140,                 vm PMU 11,            $V_m\ PMU\ 11$
   141,                 am PMU 11,       $\theta_m\ PMU\ 11$
   142,                 vm PMU 12,            $V_m\ PMU\ 12$
   143,                 am PMU 12,       $\theta_m\ PMU\ 12$
   144,                 vm PMU 13,            $V_m\ PMU\ 13$
   145,                 am PMU 13,       $\theta_m\ PMU\ 13$
   146,                 vm PMU 14,            $V_m\ PMU\ 14$
   147,                 am PMU 14,       $\theta_m\ PMU\ 14$
   148,               theta Bus 1,          $\theta\ Bus\ 1$
   149,               theta Bus 2,          $\theta\ Bus\ 2$
   150,               theta Bus 3,          $\theta\ Bus\ 3$
   151,               theta Bus 4,          $\theta\ Bus\ 4$
   152,               theta Bus 5,          $\theta\ Bus\ 5$
   153,               theta Bus 6,          $\theta\ Bus\ 6$
   154,               theta Bus 7,          $\theta\ Bus\ 7$
   155,               theta Bus 8,          $\theta\ Bus\ 8$
   156,               theta Bus 9,          $\theta\ Bus\ 9$
   157,              theta Bus 10,         $\theta\ Bus\ 10$
   158,              theta Bus 11,         $\theta\ Bus\ 11$
   159,              theta Bus 12,         $\theta\ Bus\ 12$
   160,              theta Bus 13,         $\theta\ Bus\ 13$
   161,              theta Bus 14,         $\theta\ Bus\ 14$
   162,                  vm Bus 1,               $V\ Bus\ 1$
   163,                  vm Bus 2,               $V\ Bus\ 2$
   164,                  vm Bus 3,               $V\ Bus\ 3$
   165,                  vm Bus 4,               $V\ Bus\ 4$
   166,                  vm Bus 5,               $V\ Bus\ 5$
   167,                  vm Bus 6,               $V\ Bus\ 6$
   168,                  vm Bus 7,               $V\ Bus\ 7$
   169,                  vm Bus 8,               $V\ Bus\ 8$
   170,                  vm Bus 9,               $V\ Bus\ 9$
   171,                 vm Bus 10,              $V\ Bus\ 10$
   172,                 vm Bus 11,              $V\ Bus\ 11$
   173,                 vm Bus 12,              $V\ Bus\ 12$
   174,                 vm Bus 13,              $V\ Bus\ 13$
   175,                 vm Bus 14,              $V\ Bus\ 14$
   176,                Vdc Node 0,         $V_{dc}\ Node\ 0$
   177,                Vdc Node 1,         $V_{dc}\ Node\ 1$
   178,                Vdc Node 2,         $V_{dc}\ Node\ 2$
   179,                Vdc Node 3,         $V_{dc}\ Node\ 3$
   180,                Vdc Node 4,         $V_{dc}\ Node\ 4$
   181,                I Ground 1,            $I\ Ground\ 1$
   182,                Q PV Bus 2,           $Q\ PV\ Bus\ 2$
   183,                Q PV Bus 3,           $Q\ PV\ Bus\ 3$
   184,                Q PV Bus 6,           $Q\ PV\ Bus\ 6$
   185,                Q PV Bus 8,           $Q\ PV\ Bus\ 8$
   186,                Q SW_Bus_1,             $Q\ SW_Bus_1$
   187,                P SW_Bus_1,             $P\ SW_Bus_1$
   188,                I DCLine 1,            $I\ DCLine\ 1$
   189,                I DCLine 2,            $I\ DCLine\ 2$
   190,                I DCLine 3,            $I\ DCLine\ 3$
   191,                I DCLine 4,            $I\ DCLine\ 4$
   192,                 ash VSC 1,     $\theta_{sh}\ VSC\ 1$
   193,                 vsh VSC 1,          $V_{sh}\ VSC\ 1$
   194,                 psh VSC 1,          $P_{sh}\ VSC\ 1$
   195,                 qsh VSC 1,          $Q_{sh}\ VSC\ 1$
   196,                 pdc VSC 1,          $P_{dc}\ VSC\ 1$
   197,                 Ish VSC 1,          $I_{sh}\ VSC\ 1$
   198,                 ash VSC 2,     $\theta_{sh}\ VSC\ 2$
   199,                 vsh VSC 2,          $V_{sh}\ VSC\ 2$
   200,                 psh VSC 2,          $P_{sh}\ VSC\ 2$
   201,                 qsh VSC 2,          $Q_{sh}\ VSC\ 2$
   202,                 pdc VSC 2,          $P_{dc}\ VSC\ 2$
   203,                 Ish VSC 2,          $I_{sh}\ VSC\ 2$
   204,                 ash VSC 3,     $\theta_{sh}\ VSC\ 3$
   205,                 vsh VSC 3,          $V_{sh}\ VSC\ 3$
   206,                 psh VSC 3,          $P_{sh}\ VSC\ 3$
   207,                 qsh VSC 3,          $Q_{sh}\ VSC\ 3$
   208,                 pdc VSC 3,          $P_{dc}\ VSC\ 3$
   209,                 Ish VSC 3,          $I_{sh}\ VSC\ 3$
   210,                 ash VSC 4,     $\theta_{sh}\ VSC\ 4$
   211,                 vsh VSC 4,          $V_{sh}\ VSC\ 4$
   212,                 psh VSC 4,          $P_{sh}\ VSC\ 4$
   213,                 qsh VSC 4,          $Q_{sh}\ VSC\ 4$
   214,                 pdc VSC 4,          $P_{dc}\ VSC\ 4$
   215,                 Ish VSC 4,          $I_{sh}\ VSC\ 4$
   216,                   p Syn 1,               $P\ Syn\ 1$
   217,                   q Syn 1,               $Q\ Syn\ 1$
   218,                  pm Syn 1,             $P_m\ Syn\ 1$
   219,                  vf Syn 1,             $V_f\ Syn\ 1$
   220,                  Id Syn 1,             $I_d\ Syn\ 1$
   221,                  Iq Syn 1,             $I_q\ Syn\ 1$
   222,                  vd Syn 1,             $V_d\ Syn\ 1$
   223,                  vq Syn 1,             $V_q\ Syn\ 1$
   224,                psid Syn 1,          $\psi_d\ Syn\ 1$
   225,                psiq Syn 1,          $\psi_q\ Syn\ 1$
   226,                   p Syn 3,               $P\ Syn\ 3$
   227,                   q Syn 3,               $Q\ Syn\ 3$
   228,                  pm Syn 3,             $P_m\ Syn\ 3$
   229,                  vf Syn 3,             $V_f\ Syn\ 3$
   230,                  Id Syn 3,             $I_d\ Syn\ 3$
   231,                  Iq Syn 3,             $I_q\ Syn\ 3$
   232,                  vd Syn 3,             $V_d\ Syn\ 3$
   233,                  vq Syn 3,             $V_q\ Syn\ 3$
   234,                psid Syn 3,          $\psi_d\ Syn\ 3$
   235,                psiq Syn 3,          $\psi_q\ Syn\ 3$
   236,                   p Syn 4,               $P\ Syn\ 4$
   237,                   q Syn 4,               $Q\ Syn\ 4$
   238,                  pm Syn 4,             $P_m\ Syn\ 4$
   239,                  vf Syn 4,             $V_f\ Syn\ 4$
   240,                  Id Syn 4,             $I_d\ Syn\ 4$
   241,                  Iq Syn 4,             $I_q\ Syn\ 4$
   242,                  vd Syn 4,             $V_d\ Syn\ 4$
   243,                  vq Syn 4,             $V_q\ Syn\ 4$
   244,                psid Syn 4,          $\psi_d\ Syn\ 4$
   245,                psiq Syn 4,          $\psi_q\ Syn\ 4$
   246,                   p Syn 5,               $P\ Syn\ 5$
   247,                   q Syn 5,               $Q\ Syn\ 5$
   248,                  pm Syn 5,             $P_m\ Syn\ 5$
   249,                  vf Syn 5,             $V_f\ Syn\ 5$
   250,                  Id Syn 5,             $I_d\ Syn\ 5$
   251,                  Iq Syn 5,             $I_q\ Syn\ 5$
   252,                  vd Syn 5,             $V_d\ Syn\ 5$
   253,                  vq Syn 5,             $V_q\ Syn\ 5$
   254,                psid Syn 5,          $\psi_d\ Syn\ 5$
   255,                psiq Syn 5,          $\psi_q\ Syn\ 5$
   256,                wref TG1 1,    $\omega_{ref}\ TG1\ 1$
   257,                pout TG1 1,         $P_{out}\ TG1\ 1$
   258,                 pin TG1 1,          $P_{in}\ TG1\ 1$
   259,                vref AVR 1,         $v_{ref}\ AVR\ 1$
   260,                vref AVR 3,         $v_{ref}\ AVR\ 3$
   261,                vref AVR 4,         $v_{ref}\ AVR\ 4$
   262,                vref AVR 5,         $v_{ref}\ AVR\ 5$
   263,                 In PSS2 1,             $In\ PSS2\ 1$
   264,                 v1 PSS2 1,            $v_1\ PSS2\ 1$
   265,                 v2 PSS2 1,            $v_2\ PSS2\ 1$
   266,                 v3 PSS2 1,            $v_3\ PSS2\ 1$
   267,                 v4 PSS2 1,            $v_4\ PSS2\ 1$
   268,                vss PSS2 1,         $V_{SS}\ PSS2\ 1$
   269,                vst PSS2 1,         $V_{ST}\ PSS2\ 1$
   270,                isd WTG3 1,       $I_{s, d}\ WTG3\ 1$
   271,                isq WTG3 1,       $I_{s, q}\ WTG3\ 1$
   272,                vrd WTG3 1,       $V_{r, d}\ WTG3\ 1$
   273,                vrq WTG3 1,       $V_{r, q}\ WTG3\ 1$
   274,                vsd WTG3 1,       $V_{s, d}\ WTG3\ 1$
   275,                vsq WTG3 1,       $V_{s, q}\ WTG3\ 1$
   276,               vref WTG3 1,        $V_{ref}\ WTG3\ 1$
   277,                pwa WTG3 1,   $P_{\omega a}\ WTG3\ 1$
   278,                 pw WTG3 1,            $P_w\ WTG3\ 1$
   279,                 cp WTG3 1,            $c_p\ WTG3\ 1$
   280,               lamb WTG3 1,        $\lambda\ WTG3\ 1$
   281,              ilamb WTG3 1, $\frac{1}{\lambda}\ WTG3\ 1$
   282,              ws Weibull 1,         $w_s\ Weibull\ 1$
   283,                ref1 VSC 1,           $ref_1\ VSC\ 1$
   284,                ref2 VSC 1,            $ref2\ VSC\ 1$
   285,                  vd VSC 1,             $v_d\ VSC\ 1$
   286,                  vq VSC 1,             $v_q\ VSC\ 1$
   287,                   p VSC 1,               $P\ VSC\ 1$
   288,                   q VSC 1,               $Q\ VSC\ 1$
   289,               Idref VSC 1,       $I_d^{ref}\ VSC\ 1$
   290,               Iqref VSC 1,       $I_q^{ref}\ VSC\ 1$
   291,                Idcy VSC 1,         $I_{dcy}\ VSC\ 1$
   292,                 adq VSC 1,      $\theta{dq}\ VSC\ 1$
   293,                ref1 VSC 3,           $ref_1\ VSC\ 3$
   294,                ref2 VSC 3,            $ref2\ VSC\ 3$
   295,                  vd VSC 3,             $v_d\ VSC\ 3$
   296,                  vq VSC 3,             $v_q\ VSC\ 3$
   297,                   p VSC 3,               $P\ VSC\ 3$
   298,                   q VSC 3,               $Q\ VSC\ 3$
   299,               Idref VSC 3,       $I_d^{ref}\ VSC\ 3$
   300,               Iqref VSC 3,       $I_q^{ref}\ VSC\ 3$
   301,                Idcy VSC 3,         $I_{dcy}\ VSC\ 3$
   302,                 adq VSC 3,      $\theta{dq}\ VSC\ 3$
   303,                ref1 VSC 4,           $ref_1\ VSC\ 4$
   304,                ref2 VSC 4,            $ref2\ VSC\ 4$
   305,                  vd VSC 4,             $v_d\ VSC\ 4$
   306,                  vq VSC 4,             $v_q\ VSC\ 4$
   307,                   p VSC 4,               $P\ VSC\ 4$
   308,                   q VSC 4,               $Q\ VSC\ 4$
   309,               Idref VSC 4,       $I_d^{ref}\ VSC\ 4$
   310,               Iqref VSC 4,       $I_q^{ref}\ VSC\ 4$
   311,                Idcy VSC 4,         $I_{dcy}\ VSC\ 4$
   312,                 adq VSC 4,      $\theta{dq}\ VSC\ 4$
   313,                   p VSC 2,               $P\ VSC\ 2$
   314,                   q VSC 2,               $Q\ VSC\ 2$
   315,                  vd VSC 2,             $v_d\ VSC\ 2$
   316,                  vq VSC 2,             $v_q\ VSC\ 2$
   317,                ref1 VSC 2,           $ref_1\ VSC\ 2$
   318,                ref2 VSC 2,           $ref_2\ VSC\ 2$
   319,               Idref VSC 2,       $I_d^{ref}\ VSC\ 2$
   320,               Iqref VSC 2,       $I_q^{ref}\ VSC\ 2$
